2026-02-16 15:57:08,053 [INFO] 创建会话成功: test_session (ID: 1, 初始资金: 100000.00)
2026-02-16 15:57:08,566 [INFO] 
2026-02-16 15:57:08,567 [INFO] ============== 交易会话列表 ==============
2026-02-16 15:57:08,567 [INFO] 会话: test_session | 初始资金: 100000.00 | 当前资金: 100000.00 | 状态: active | 创建时间: 2026-02-16T15:57:08.052687
2026-02-16 16:00:45,811 [INFO] 加载已存在的会话: test_session (ID: 1)
2026-02-16 16:00:45,816 [INFO] 买入 000001: 数量=100, 价格=10.50, 手续费=0.31, 总成本=1050.32
2026-02-16 16:00:45,816 [INFO] 买入成功
2026-02-16 16:00:46,344 [INFO] 
2026-02-16 16:00:46,344 [INFO] ============== 持仓列表 [test_session] ==============
2026-02-16 16:00:46,344 [ERROR] 查看持仓失败: 'Position' object has no attribute 'avg_cost'
2026-02-16 16:01:05,707 [INFO] 
2026-02-16 16:01:05,707 [INFO] ============== 持仓列表 [test_session] ==============
2026-02-16 16:01:05,707 [INFO] 股票: 000001 | 数量: 100 | 成本价: 10.50 | 当前价: 10.50 | 盈亏: 0.00 (0.00%)
2026-02-16 16:01:12,440 [INFO] 加载已存在的会话: test_session (ID: 1)
2026-02-16 16:01:12,443 [INFO] 卖出 000001: 数量=50, 价格=11.00, 手续费=0.16, 总收入=549.84
2026-02-16 16:01:12,443 [INFO] 卖出成功
2026-02-16 16:01:24,498 [INFO] 
2026-02-16 16:01:24,498 [INFO] ============== 持仓列表 [test_session] ==============
2026-02-16 16:01:24,498 [INFO] 股票: 000001 | 数量: 50 | 成本价: 10.00 | 当前价: 11.00 | 盈亏: 50.00 (10.00%)
2026-02-16 16:01:34,012 [INFO] 创建新会话: test_session (ID: 1, 初始资金: 100000.00)
2026-02-16 16:01:34,014 [INFO] 买入 000001: 数量=100, 价格=10.50, 手续费=0.31, 总成本=1050.32
2026-02-16 16:01:34,014 [INFO] 买入成功
2026-02-16 16:01:34,551 [INFO] 
2026-02-16 16:01:34,551 [INFO] ============== 持仓列表 [test_session] ==============
2026-02-16 16:01:34,551 [INFO] 股票: 000001 | 数量: 100 | 成本价: 10.50 | 当前价: 10.50 | 盈亏: 0.00 (0.00%)
